<?xml version="1.0" encoding="utf-8"?>
<TestRun id="6593b1cc-4035-4a9d-9541-0d6c15b78de0" name="@fv-az2020-808 2025-03-30 08:48:22" xmlns="http://microsoft.com/schemas/VisualStudio/TeamTest/2010">
  <Times creation="2025-03-30T08:48:22.0418747+00:00" queuing="2025-03-30T08:48:22.0418748+00:00" start="2025-03-30T08:48:20.9956777+00:00" finish="2025-03-30T08:48:22.0477448+00:00" />
  <TestSettings name="default" id="67f74706-6a3f-477c-8a61-c27a60e7cf02">
    <Deployment runDeploymentRoot="_fv-az2020-808_2025-03-30_08_48_22" />
  </TestSettings>
  <Results>
    <UnitTestResult executionId="55daf826-df64-4e27-8a8f-8c8c108c8294" testId="91890cfa-7f64-77bd-5aed-c436b1887e3a" testName="TestMyMiddlewareIntegration (100)" computerName="fv-az2020-808" duration="00:00:00.2172290" startTime="2025-03-30T08:48:21.4465533+00:00" endTime="2025-03-30T08:48:21.9069323+00:00" testType="13cdc9d9-ddb5-4fa4-a97d-d965ccfc6d4b" outcome="Passed" testListId="8c84fa94-04c1-424b-9868-57a2d4851a1d" relativeResultsDirectory="55daf826-df64-4e27-8a8f-8c8c108c8294">
      <Output>
        <StdOut>dbug: Microsoft.Extensions.Hosting.Internal.Host[1]
      Hosting starting
dbug: Microsoft.AspNetCore.HostFiltering.HostFilteringMiddleware[7]
      Middleware configuration started with options: {AllowedHosts = *, AllowEmptyHosts = True, IncludeFailureMessage = True}
dbug: Microsoft.AspNetCore.HostFiltering.HostFilteringMiddleware[0]
      Wildcard detected, all requests with hosts will be allowed.
warn: Microsoft.AspNetCore.Server.Kestrel.Core.KestrelServer[8]
      The ASP.NET Core developer certificate is not trusted. For information about trusting the ASP.NET Core developer certificate, see https://aka.ms/aspnet/https-trust-dev-cert
info: Microsoft.Hosting.Lifetime[14]
      Now listening on: https://localhost:5425
dbug: Microsoft.AspNetCore.Hosting.Diagnostics[13]
      Loaded hosting startup assembly testhost
info: Microsoft.Hosting.Lifetime[0]
      Application started. Press Ctrl+C to shut down.
info: Microsoft.Hosting.Lifetime[0]
      Hosting environment: Production
info: Microsoft.Hosting.Lifetime[0]
      Content root path: /home/runner/work/BlackBytesBox.Routed.GitBackend/BlackBytesBox.Routed.GitBackend/source/BlackBytesBox.Routed.GitBackend/BlackBytesBox.Routed.GitBackend.Tests/bin/Release/net9.0
dbug: Microsoft.Extensions.Hosting.Internal.Host[2]
      Hosting started
dbug: Microsoft.AspNetCore.Server.Kestrel.Connections[39]
      Connection id "0HNBFCUG4J4H4" accepted.
dbug: Microsoft.AspNetCore.Server.Kestrel.Connections[1]
      Connection id "0HNBFCUG4J4H4" started.
dbug: Microsoft.AspNetCore.Server.Kestrel.Https.Internal.HttpsConnectionMiddleware[3]
      Connection 0HNBFCUG4J4H4 established using the following protocol: Tls13
trce: Microsoft.AspNetCore.Server.Kestrel.Http2[49]
      Connection id "0HNBFCUG4J4H4" sending SETTINGS frame for stream ID 0 with length 24 and flags NONE.
trce: Microsoft.AspNetCore.Server.Kestrel.Http2[49]
      Connection id "0HNBFCUG4J4H4" sending WINDOW_UPDATE frame for stream ID 0 with length 4 and flags 0x0.
trce: Microsoft.AspNetCore.Server.Kestrel.Http2[37]
      Connection id "0HNBFCUG4J4H4" received SETTINGS frame for stream ID 0 with length 18 and flags NONE.
trce: Microsoft.AspNetCore.Server.Kestrel.Http2[49]
      Connection id "0HNBFCUG4J4H4" sending SETTINGS frame for stream ID 0 with length 0 and flags ACK.
trce: Microsoft.AspNetCore.Server.Kestrel.Http2[37]
      Connection id "0HNBFCUG4J4H4" received WINDOW_UPDATE frame for stream ID 0 with length 4 and flags 0x0.
trce: Microsoft.AspNetCore.Server.Kestrel.Http2[37]
      Connection id "0HNBFCUG4J4H4" received HEADERS frame for stream ID 1 with length 135 and flags END_STREAM, END_HEADERS.
trce: Microsoft.AspNetCore.Server.Kestrel.Http2[37]
      Connection id "0HNBFCUG4J4H4" received SETTINGS frame for stream ID 0 with length 0 and flags ACK.
info: Microsoft.AspNetCore.Hosting.Diagnostics[1]
      Request starting HTTP/2 GET https://localhost:5425/gitrepos/MyProject.git/info/refs?service=git-upload-pack - - -
trce: Microsoft.AspNetCore.HostFiltering.HostFilteringMiddleware[2]
      All hosts are allowed.
trce: Microsoft.AspNetCore.Server.Kestrel.Http2[49]
      Connection id "0HNBFCUG4J4H4" sending HEADERS frame for stream ID 1 with length 75 and flags END_HEADERS.
trce: Microsoft.AspNetCore.Server.Kestrel.Http2[49]
      Connection id "0HNBFCUG4J4H4" sending DATA frame for stream ID 1 with length 43 and flags END_STREAM.
trce: Microsoft.AspNetCore.Server.Kestrel.Http2[37]
      Connection id "0HNBFCUG4J4H4" received HEADERS frame for stream ID 3 with length 76 and flags END_STREAM, END_HEADERS.
info: Microsoft.AspNetCore.Hosting.Diagnostics[1]
      Request starting HTTP/2 GET https://localhost:5425/gitrepos/MyProject.git/info/refs?service=git-upload-pack - - -
trce: Microsoft.AspNetCore.HostFiltering.HostFilteringMiddleware[2]
      All hosts are allowed.
fail: Microsoft.AspNetCore.Server.Kestrel[13]
      Connection id "0HNBFCUG4J4H4", Request id "0HNBFCUG4J4H4:00000003": An unhandled exception was thrown by the application.
      System.ComponentModel.Win32Exception (2): An error occurred trying to start process '/usr/bin\..\mingw64\libexec\git-core\git-http-backend.exe' with working directory '/usr'. No such file or directory
         at System.Diagnostics.Process.ForkAndExecProcess(ProcessStartInfo startInfo, String resolvedFilename, String[] argv, String[] envp, String cwd, Boolean setCredentials, UInt32 userId, UInt32 groupId, UInt32[] groups, Int32&amp; stdinFd, Int32&amp; stdoutFd, Int32&amp; stderrFd, Boolean usesTerminal, Boolean throwOnNoExec)
         at System.Diagnostics.Process.StartCore(ProcessStartInfo startInfo)
         at BlackBytesBox.Routed.GitBackend.Middleware.GitBackendMiddleware.GitBackendMiddleware.InvokeAsync(HttpContext context) in /_/source/BlackBytesBox.Routed.GitBackend/BlackBytesBox.Routed.GitBackend/Middleware/GitBackendMiddleware/GitBackendMiddleware.cs:line 176
         at Microsoft.AspNetCore.Server.Kestrel.Core.Internal.Http.HttpProtocol.ProcessRequests[TContext](IHttpApplication`1 application)
trce: Microsoft.AspNetCore.Server.Kestrel.Http2[49]
      Connection id "0HNBFCUG4J4H4" sending HEADERS frame for stream ID 3 with length 7 and flags END_STREAM, END_HEADERS.
dbug: Microsoft.AspNetCore.Server.Kestrel.Transport.Sockets[6]
      Connection id "0HNBFCUG4J4H4" received FIN.
info: Microsoft.AspNetCore.Hosting.Diagnostics[2]
      Request finished HTTP/2 GET https://localhost:5425/gitrepos/MyProject.git/info/refs?service=git-upload-pack - 401 - - 7.4816ms
info: Microsoft.AspNetCore.Hosting.Diagnostics[2]
      Request finished HTTP/2 GET https://localhost:5425/gitrepos/MyProject.git/info/refs?service=git-upload-pack - 500 0 - 9.8123ms
dbug: Microsoft.AspNetCore.Server.Kestrel.Http2[62]
      The connection queue processing loop for 0HNBFCUG4J4H4 completed.
dbug: Microsoft.AspNetCore.Server.Kestrel.Http2[48]
      Connection id "0HNBFCUG4J4H4" is closed. The last processed stream ID was 3.
dbug: Microsoft.AspNetCore.Server.Kestrel.Transport.Sockets[7]
      Connection id "0HNBFCUG4J4H4" sending FIN because: "The Socket transport's send loop completed gracefully."
dbug: Microsoft.AspNetCore.Server.Kestrel.Connections[2]
      Connection id "0HNBFCUG4J4H4" stopped.
dbug: Microsoft.Extensions.Hosting.Internal.Host[3]
      Hosting stopping
info: Microsoft.Hosting.Lifetime[0]
      Application is shutting down...
dbug: Microsoft.Extensions.Hosting.Internal.Host[4]
      Hosting stopped</StdOut>
      </Output>
    </UnitTestResult>
  </Results>
  <TestDefinitions>
    <UnitTest name="TestMyMiddlewareIntegration (100)" storage="/home/runner/work/blackbytesbox.routed.gitbackend/blackbytesbox.routed.gitbackend/source/blackbytesbox.routed.gitbackend/blackbytesbox.routed.gitbackend.tests/bin/release/net9.0/blackbytesbox.routed.gitbackend.tests.dll" id="91890cfa-7f64-77bd-5aed-c436b1887e3a">
      <Execution id="55daf826-df64-4e27-8a8f-8c8c108c8294" />
      <TestMethod codeBase="/home/runner/work/BlackBytesBox.Routed.GitBackend/BlackBytesBox.Routed.GitBackend/source/BlackBytesBox.Routed.GitBackend/BlackBytesBox.Routed.GitBackend.Tests/bin/Release/net9.0/BlackBytesBox.Routed.GitBackend.Tests.dll" adapterTypeName="executor://mstestadapter/v2" className="BlackBytesBox.Routed.GitBackend.Tests.MyMiddlewareIntegrationTests" name="TestMyMiddlewareIntegration" />
    </UnitTest>
  </TestDefinitions>
  <TestEntries>
    <TestEntry testId="91890cfa-7f64-77bd-5aed-c436b1887e3a" executionId="55daf826-df64-4e27-8a8f-8c8c108c8294" testListId="8c84fa94-04c1-424b-9868-57a2d4851a1d" />
  </TestEntries>
  <TestLists>
    <TestList name="Results Not in a List" id="8c84fa94-04c1-424b-9868-57a2d4851a1d" />
    <TestList name="All Loaded Results" id="19431567-8539-422a-85d7-44ee4e166bda" />
  </TestLists>
  <ResultSummary outcome="Completed">
    <Counters total="1" executed="1" passed="1" failed="0" error="0" timeout="0" aborted="0" inconclusive="0" passedButRunAborted="0" notRunnable="0" notExecuted="0" disconnected="0" warning="0" completed="0" inProgress="0" pending="0" />
  </ResultSummary>
</TestRun>